// Jest Snapshot v1, https://goo.gl/fbAQLP

exports[`renders correctly 1`] = `
<View
  style={
    Array [
      Object {
        "backgroundColor": "#FFFFFF",
        "borderBottomColor": "#dfdfdf",
        "borderBottomWidth": 0,
        "flex": 1,
        "marginTop": 10,
        "minHeight": 150,
      },
      Object {
        "borderBottomColor": "#ddd",
        "borderBottomWidth": 0,
        "elevation": 1,
        "shadowColor": "#000",
        "shadowOffset": Object {
          "height": 2,
          "width": 0,
        },
        "shadowOpacity": 0.2,
        "shadowRadius": 2,
      },
    ]
  }
>
  <View
    style={
      Object {
        "flex": 2,
      }
    }
  >
    <View
      style={
        Object {
          "alignItems": "center",
          "borderBottomColor": "#dfdfdf",
          "borderBottomWidth": 0.5,
          "flex": 1,
          "flexDirection": "row",
          "minWidth": 100,
          "paddingBottom": 10,
          "paddingLeft": 10,
          "paddingTop": 10,
        }
      }
    >
      <View
        accessible={true}
        isTVSelectable={true}
        onResponderGrant={[Function]}
        onResponderMove={[Function]}
        onResponderRelease={[Function]}
        onResponderTerminate={[Function]}
        onResponderTerminationRequest={[Function]}
        onStartShouldSetResponder={[Function]}
        style={
          Object {
            "borderRadius": 10,
            "opacity": 1,
          }
        }
      >
        <Image
          defaultSource={
            Object {
              "testUri": "../../../src/assets/images/dp_placeholder.jpg",
            }
          }
          source={
            Object {
              "uri": "https://semantic-ui.com/images/avatar2/large/lindsay.png",
            }
          }
          style={
            Object {
              "borderRadius": 25,
              "height": 50,
              "width": 50,
            }
          }
        />
      </View>
      <View
        style={
          Object {
            "marginLeft": 10,
          }
        }
      >
        <Text
          style={
            Object {
              "fontWeight": "bold",
            }
          }
        >
          Leanne Graham
        </Text>
      </View>
    </View>
  </View>
  <View
    style={
      Object {
        "flex": 5,
      }
    }
  >
    <View
      style={
        Object {
          "backgroundColor": "#FFFFFF",
          "borderBottomColor": "#dfdfdf",
          "borderBottomWidth": 1,
          "flex": 1,
          "padding": 10,
        }
      }
    >
      <Text />
    </View>
  </View>
  <View
    style={
      Object {
        "flex": 2,
      }
    }
  >
    <View
      style={
        Object {
          "alignItems": "center",
          "flex": 1,
          "flexDirection": "row",
          "padding": 10,
        }
      }
    >
      <View
        style={
          Object {
            "height": 30,
            "width": 30,
          }
        }
      >
        <Image
          defaultSource={
            Object {
              "testUri": "../../../src/assets/images/dp_placeholder.jpg",
            }
          }
          source={
            Object {
              "uri": undefined,
            }
          }
          style={
            Object {
              "borderRadius": 12.5,
              "height": 25,
              "padding": 5,
              "width": 25,
            }
          }
        />
      </View>
      <View
        style={
          Object {
            "backgroundColor": "#c1d0ff",
            "borderRadius": 10,
            "marginLeft": 5,
            "padding": 5,
            "width": "70%",
          }
        }
      >
        <Text
          style={
            Object {
              "fontWeight": "bold",
            }
          }
        >
          id labore ex et quam laborum
        </Text>
        <Text
          style={
            Object {
              "marginTop": 5,
            }
          }
        >
          laudantium enim quasi est quidem magnam voluptate ipsam eos
tempora quo necessitatibus
dolor quam autem quasi
reiciendis et nam sapiente accusantium
        </Text>
      </View>
    </View>
  </View>
</View>
`;
