// Jest Snapshot v1, https://goo.gl/fbAQLP

exports[`renders correctly 1`] = `
<View
  style={
    Object {
      "backgroundColor": "#FFFFFF",
      "borderBottomColor": "#dfdfdf",
      "borderBottomWidth": 1,
      "flex": 1,
      "padding": 10,
    }
  }
>
  <Text />
</View>
`;
